[
  {
    "pos": "noun",
    "identities": [
      "WID-05898568-N-01-plan"
    ],
    "identifier": "http://www.digitalhps.org/concepts/WID-05898568-N-02-program",
    "description": "a series of steps to be carried out or goals to be accomplished; \"they drew up a six-step plan\"; \"they discussed plans for a new bond issue\"",
    "local_identifier": "http://www.digitalhps.org/concepts/WID-05898568-N-02-program",
    "concept_type": "http://www.digitalhps.org/type/type-uri-1",
    "name": "program"
  }
]